node.exe : ΓÜá `eslint` 
configuration in 
next.config.mjs is no 
longer supported. See 
more info here: https://ne
xtjs.org/docs/app/api-refe
rence/cli/next#next-lint-o
ptions
At C:\Program 
Files\nodejs\npx.ps1:29 
char:3
+   & $NODE_EXE 
$NPX_CLI_JS $args
+   ~~~~~~~~~~~~~~~~~~~~~~
~~~~~~~
    + CategoryInfo        
      : NotSpeci    fied: 
(ΓÜá `eslin    t` 
co...xt-lint-o    
ptions:String) []    , 
RemoteException
    + FullyQualifiedE    
rrorId : NativeCo    
mmandError
 
ΓÜá Invalid 
next.config.mjs options 
detected: 
ΓÜá     Unrecognized 
key(s) in object: 'eslint'
ΓÜá See more info here: ht
tps://nextjs.org/docs/mess
ages/invalid-next-config
Γû▓ Next.js 16.1.6 (Turbopack)
- Environments: .env

  Creating an optimized production build ...

> Build error occurred
Error: Turbopack build 
failed with 22 errors:
./src/lib/seo-auditor-core
/rules/loader.ts:12:1
Module not found: Can't 
resolve 
'../rules/a11y/index.js'
[0m [90m 10 |[39m 
[36mimport[39m [32m'../
rules/social/index.js'[39
m[33m;[39m
 [90m 11 |[39m 
[36mimport[39m [32m'../
rules/content/index.js'[3
9m[33m;[39m
[31m[1m>[22m[39m[90m 
12 |[39m 
[36mimport[39m [32m'../
rules/a11y/index.js'[39m
[33m;[39m
 [90m    |[39m [31m[1m
^[22m[39m[31m[1m^[22m
[39m[31m[1m^[22m[39m
[31m[1m^[22m[39m[31m[
1m^[22m[39m[31m[1m^[2
2m[39m[31m[1m^[22m[39
m[31m[1m^[22m[39m[31m
[1m^[22m[39m[31m[1m^
[22m[39m[31m[1m^[22m[
39m[31m[1m^[22m[39m[3
1m[1m^[22m[39m[31m[1m
^[22m[39m[31m[1m^[22m
[39m[31m[1m^[22m[39m
[31m[1m^[22m[39m[31m[
1m^[22m[39m[31m[1m^[2
2m[39m[31m[1m^[22m[39
m[31m[1m^[22m[39m[31m
[1m^[22m[39m[31m[1m^
[22m[39m[31m[1m^[22m[
39m[31m[1m^[22m[39m[3
1m[1m^[22m[39m[31m[1m
^[22m[39m[31m[1m^[22m
[39m[31m[1m^[22m[39m
[31m[1m^[22m[39m[31m[
1m^[22m[39m[31m[1m^[2
2m[39m
 [90m 13 |[39m 
[36mimport[39m [32m'../
rules/i18n/index.js'[39m
[33m;[39m
 [90m 14 |[39m 
[36mimport[39m [32m'../
rules/crawl/index.js'[39m
[33m;[39m
 [90m 15 |[39m 
[36mimport[39m [32m'../
rules/url/index.js'[39m[
33m;[39m[0m



Import trace:
  App Route:
    ./src/lib/seo-auditor-
core/rules/loader.ts
    ./src/lib/seo-auditor-
core/auditor.ts
    
./src/lib/seo-engine.ts
    ./src/app/api/audits/c
reate/route.ts

https://nextjs.org/docs/me
ssages/module-not-found


./src/lib/seo-auditor-core
/rules/loader.ts:11:1
Module not found: Can't 
resolve '../rules/content/
index.js'
[0m [90m  9 |[39m 
[36mimport[39m [32m'../
rules/schema/index.js'[39
m[33m;[39m
 [90m 10 |[39m 
[36mimport[39m [32m'../
rules/social/index.js'[39
m[33m;[39m
[31m[1m>[22m[39m[90m 
11 |[39m 
[36mimport[39m [32m'../
rules/content/index.js'[3
9m[33m;[39m
 [90m    |[39m [31m[1m
^[22m[39m[31m[1m^[22m
[39m[31m[1m^[22m[39m
[31m[1m^[22m[39m[31m[
1m^[22m[39m[31m[1m^[2
2m[39m[31m[1m^[22m[39
m[31m[1m^[22m[39m[31m
[1m^[22m[39m[31m[1m^
[22m[39m[31m[1m^[22m[
39m[31m[1m^[22m[39m[3
1m[1m^[22m[39m[31m[1m
^[22m[39m[31m[1m^[22m
[39m[31m[1m^[22m[39m
[31m[1m^[22m[39m[31m[
1m^[22m[39m[31m[1m^[2
2m[39m[31m[1m^[22m[39
m[31m[1m^[22m[39m[31m
[1m^[22m[39m[31m[1m^
[22m[39m[31m[1m^[22m[
39m[31m[1m^[22m[39m[3
1m[1m^[22m[39m[31m[1m
^[22m[39m[31m[1m^[22m
[39m[31m[1m^[22m[39m
[31m[1m^[22m[39m[31m[
1m^[22m[39m[31m[1m^[2
2m[39m[31m[1m^[22m[39
m[31m[1m^[22m[39m[31m
[1m^[22m[39m
 [90m 12 |[39m 
[36mimport[39m [32m'../
rules/a11y/index.js'[39m
[33m;[39m
 [90m 13 |[39m 
[36mimport[39m [32m'../
rules/i18n/index.js'[39m
[33m;[39m
 [90m 14 |[39m 
[36mimport[39m [32m'../
rules/crawl/index.js'[39m
[33m;[39m[0m



Import trace:
  App Route:
    ./src/lib/seo-auditor-
core/rules/loader.ts
    ./src/lib/seo-auditor-
core/auditor.ts
    
./src/lib/seo-engine.ts
    ./src/app/api/audits/c
reate/route.ts

https://nextjs.org/docs/me
ssages/module-not-found


./src/lib/seo-auditor-core
/rules/loader.ts:3:1
Module not found: Can't 
resolve 
'../rules/core/index.js'
[0m [90m 1 |[39m 
[90m// Static imports 
for all rule 
categories[39m
 [90m 2 |[39m [90m// 
These modules 
self-register their rules 
when imported[39m
[31m[1m>[22m[39m[90m 
3 |[39m [36mimport[39m 
[32m'../rules/core/index.
js'[39m[33m;[39m
 [90m   |[39m [31m[1m^
[22m[39m[31m[1m^[22m
[39m[31m[1m^[22m[39m[
31m[1m^[22m[39m[31m[1
m^[22m[39m[31m[1m^[22
m[39m[31m[1m^[22m[39m
[31m[1m^[22m[39m[31m
[1m^[22m[39m[31m[1m^[
22m[39m[31m[1m^[22m[3
9m[31m[1m^[22m[39m[31
m[1m^[22m[39m[31m[1m^
[22m[39m[31m[1m^[22m
[39m[31m[1m^[22m[39m[
31m[1m^[22m[39m[31m[1
m^[22m[39m[31m[1m^[22
m[39m[31m[1m^[22m[39m
[31m[1m^[22m[39m[31m
[1m^[22m[39m[31m[1m^[
22m[39m[31m[1m^[22m[3
9m[31m[1m^[22m[39m[31
m[1m^[22m[39m[31m[1m^
[22m[39m[31m[1m^[22m
[39m[31m[1m^[22m[39m[
31m[1m^[22m[39m[31m[1
m^[22m[39m[31m[1m^[22
m[39m
 [90m 4 |[39m 
[36mimport[39m [32m'../
rules/technical/index.js'
[39m[33m;[39m
 [90m 5 |[39m 
[36mimport[39m [32m'../
rules/perf/index.js'[39m
[33m;[39m
 [90m 6 |[39m 
[36mimport[39m [32m'../
rules/links/index.js'[39m
[33m;[39m[0m



Import trace:
  App Route:
    ./src/lib/seo-auditor-
core/rules/loader.ts
    ./src/lib/seo-auditor-
core/auditor.ts
    
./src/lib/seo-engine.ts
    ./src/app/api/audits/c
reate/route.ts

https://nextjs.org/docs/me
ssages/module-not-found


./src/lib/seo-auditor-core
/rules/loader.ts:14:1
Module not found: Can't 
resolve 
'../rules/crawl/index.js'
[0m [90m 12 |[39m 
[36mimport[39m [32m'../
rules/a11y/index.js'[39m
[33m;[39m
 [90m 13 |[39m 
[36mimport[39m [32m'../
rules/i18n/index.js'[39m
[33m;[39m
[31m[1m>[22m[39m[90m 
14 |[39m 
[36mimport[39m [32m'../
rules/crawl/index.js'[39m
[33m;[39m
 [90m    |[39m [31m[1m
^[22m[39m[31m[1m^[22m
[39m[31m[1m^[22m[39m
[31m[1m^[22m[39m[31m[
1m^[22m[39m[31m[1m^[2
2m[39m[31m[1m^[22m[39
m[31m[1m^[22m[39m[31m
[1m^[22m[39m[31m[1m^
[22m[39m[31m[1m^[22m[
39m[31m[1m^[22m[39m[3
1m[1m^[22m[39m[31m[1m
^[22m[39m[31m[1m^[22m
[39m[31m[1m^[22m[39m
[31m[1m^[22m[39m[31m[
1m^[22m[39m[31m[1m^[2
2m[39m[31m[1m^[22m[39
m[31m[1m^[22m[39m[31m
[1m^[22m[39m[31m[1m^
[22m[39m[31m[1m^[22m[
39m[31m[1m^[22m[39m[3
1m[1m^[22m[39m[31m[1m
^[22m[39m[31m[1m^[22m
[39m[31m[1m^[22m[39m
[31m[1m^[22m[39m[31m[
1m^[22m[39m[31m[1m^[2
2m[39m[31m[1m^[22m[39
m
 [90m 15 |[39m 
[36mimport[39m [32m'../
rules/url/index.js'[39m[
33m;[39m
 [90m 16 |[39m 
[36mimport[39m [32m'../
rules/mobile/index.js'[39
m[33m;[39m
 [90m 17 |[39m 
[36mimport[39m [32m'../
rules/legal/index.js'[39m
[33m;[39m[0m



Import trace:
  App Route:
    ./src/lib/seo-auditor-
core/rules/loader.ts
    ./src/lib/seo-auditor-
core/auditor.ts
    
./src/lib/seo-engine.ts
    ./src/app/api/audits/c
reate/route.ts

https://nextjs.org/docs/me
ssages/module-not-found


./src/lib/seo-auditor-core
/rules/loader.ts:18:1
Module not found: Can't 
resolve 
'../rules/eeat/index.js'
[0m [90m 16 |[39m 
[36mimport[39m [32m'../
rules/mobile/index.js'[39
m[33m;[39m
 [90m 17 |[39m 
[36mimport[39m [32m'../
rules/legal/index.js'[39m
[33m;[39m
[31m[1m>[22m[39m[90m 
18 |[39m 
[36mimport[39m [32m'../
rules/eeat/index.js'[39m
[33m;[39m
 [90m    |[39m [31m[1m
^[22m[39m[31m[1m^[22m
[39m[31m[1m^[22m[39m
[31m[1m^[22m[39m[31m[
1m^[22m[39m[31m[1m^[2
2m[39m[31m[1m^[22m[39
m[31m[1m^[22m[39m[31m
[1m^[22m[39m[31m[1m^
[22m[39m[31m[1m^[22m[
39m[31m[1m^[22m[39m[3
1m[1m^[22m[39m[31m[1m
^[22m[39m[31m[1m^[22m
[39m[31m[1m^[22m[39m
[31m[1m^[22m[39m[31m[
1m^[22m[39m[31m[1m^[2
2m[39m[31m[1m^[22m[39
m[31m[1m^[22m[39m[31m
[1m^[22m[39m[31m[1m^
[22m[39m[31m[1m^[22m[
39m[31m[1m^[22m[39m[3
1m[1m^[22m[39m[31m[1m
^[22m[39m[31m[1m^[22m
[39m[31m[1m^[22m[39m
[31m[1m^[22m[39m[31m[
1m^[22m[39m[31m[1m^[2
2m[39m
 [90m 19 |[39m 
[36mimport[39m [32m'../
rules/redirect/index.js'[
39m[33m;[39m
 [90m 20 |[39m 
[36mimport[39m [32m'../
rules/geo/index.js'[39m[
33m;[39m
 [90m 21 |[39m 
[36mimport[39m [32m'../
rules/htmlval/index.js'[3
9m[33m;[39m[0m



Import trace:
  App Route:
    ./src/lib/seo-auditor-
core/rules/loader.ts
    ./src/lib/seo-auditor-
core/auditor.ts
    
./src/lib/seo-engine.ts
    ./src/app/api/audits/c
reate/route.ts

https://nextjs.org/docs/me
ssages/module-not-found


./src/lib/seo-auditor-core
/rules/loader.ts:20:1
Module not found: Can't 
resolve 
'../rules/geo/index.js'
[0m [90m 18 |[39m 
[36mimport[39m [32m'../
rules/eeat/index.js'[39m
[33m;[39m
 [90m 19 |[39m 
[36mimport[39m [32m'../
rules/redirect/index.js'[
39m[33m;[39m
[31m[1m>[22m[39m[90m 
20 |[39m 
[36mimport[39m [32m'../
rules/geo/index.js'[39m[
33m;[39m
 [90m    |[39m [31m[1m
^[22m[39m[31m[1m^[22m
[39m[31m[1m^[22m[39m
[31m[1m^[22m[39m[31m[
1m^[22m[39m[31m[1m^[2
2m[39m[31m[1m^[22m[39
m[31m[1m^[22m[39m[31m
[1m^[22m[39m[31m[1m^
[22m[39m[31m[1m^[22m[
39m[31m[1m^[22m[39m[3
1m[1m^[22m[39m[31m[1m
^[22m[39m[31m[1m^[22m
[39m[31m[1m^[22m[39m
[31m[1m^[22m[39m[31m[
1m^[22m[39m[31m[1m^[2
2m[39m[31m[1m^[22m[39
m[31m[1m^[22m[39m[31m
[1m^[22m[39m[31m[1m^
[22m[39m[31m[1m^[22m[
39m[31m[1m^[22m[39m[3
1m[1m^[22m[39m[31m[1m
^[22m[39m[31m[1m^[22m
[39m[31m[1m^[22m[39m
[31m[1m^[22m[39m[31m[
1m^[22m[39m
 [90m 21 |[39m 
[36mimport[39m [32m'../
rules/htmlval/index.js'[3
9m[33m;[39m
 [90m 22 |[39m 
[36mimport[39m [32m'../
rules/js/index.js'[39m[3
3m;[39m
 [90m 23 |[39m[0m



Import trace:
  App Route:
    ./src/lib/seo-auditor-
core/rules/loader.ts
    ./src/lib/seo-auditor-
core/auditor.ts
    
./src/lib/seo-engine.ts
    ./src/app/api/audits/c
reate/route.ts

https://nextjs.org/docs/me
ssages/module-not-found


./src/lib/seo-auditor-core
/rules/loader.ts:21:1
Module not found: Can't 
resolve '../rules/htmlval/
index.js'
[0m [90m 19 |[39m 
[36mimport[39m [32m'../
rules/redirect/index.js'[
39m[33m;[39m
 [90m 20 |[39m 
[36mimport[39m [32m'../
rules/geo/index.js'[39m[
33m;[39m
[31m[1m>[22m[39m[90m 
21 |[39m 
[36mimport[39m [32m'../
rules/htmlval/index.js'[3
9m[33m;[39m
 [90m    |[39m [31m[1m
^[22m[39m[31m[1m^[22m
[39m[31m[1m^[22m[39m
[31m[1m^[22m[39m[31m[
1m^[22m[39m[31m[1m^[2
2m[39m[31m[1m^[22m[39
m[31m[1m^[22m[39m[31m
[1m^[22m[39m[31m[1m^
[22m[39m[31m[1m^[22m[
39m[31m[1m^[22m[39m[3
1m[1m^[22m[39m[31m[1m
^[22m[39m[31m[1m^[22m
[39m[31m[1m^[22m[39m
[31m[1m^[22m[39m[31m[
1m^[22m[39m[31m[1m^[2
2m[39m[31m[1m^[22m[39
m[31m[1m^[22m[39m[31m
[1m^[22m[39m[31m[1m^
[22m[39m[31m[1m^[22m[
39m[31m[1m^[22m[39m[3
1m[1m^[22m[39m[31m[1m
^[22m[39m[31m[1m^[22m
[39m[31m[1m^[22m[39m
[31m[1m^[22m[39m[31m[
1m^[22m[39m[31m[1m^[2
2m[39m[31m[1m^[22m[39
m[31m[1m^[22m[39m[31m
[1m^[22m[39m
 [90m 22 |[39m 
[36mimport[39m [32m'../
rules/js/index.js'[39m[3
3m;[39m
 [90m 23 |[39m
 [90m 24 |[39m 
[36mlet[39m rulesLoaded 
[33m=[39m [36mfalse[39
m[33m;[39m[0m



Import trace:
  App Route:
    ./src/lib/seo-auditor-
core/rules/loader.ts
    ./src/lib/seo-auditor-
core/auditor.ts
    
./src/lib/seo-engine.ts
    ./src/app/api/audits/c
reate/route.ts

https://nextjs.org/docs/me
ssages/module-not-found


./src/lib/seo-auditor-core
/rules/loader.ts:13:1
Module not found: Can't 
resolve 
'../rules/i18n/index.js'
[0m [90m 11 |[39m 
[36mimport[39m [32m'../
rules/content/index.js'[3
9m[33m;[39m
 [90m 12 |[39m 
[36mimport[39m [32m'../
rules/a11y/index.js'[39m
[33m;[39m
[31m[1m>[22m[39m[90m 
13 |[39m 
[36mimport[39m [32m'../
rules/i18n/index.js'[39m
[33m;[39m
 [90m    |[39m [31m[1m
^[22m[39m[31m[1m^[22m
[39m[31m[1m^[22m[39m
[31m[1m^[22m[39m[31m[
1m^[22m[39m[31m[1m^[2
2m[39m[31m[1m^[22m[39
m[31m[1m^[22m[39m[31m
[1m^[22m[39m[31m[1m^
[22m[39m[31m[1m^[22m[
39m[31m[1m^[22m[39m[3
1m[1m^[22m[39m[31m[1m
^[22m[39m[31m[1m^[22m
[39m[31m[1m^[22m[39m
[31m[1m^[22m[39m[31m[
1m^[22m[39m[31m[1m^[2
2m[39m[31m[1m^[22m[39
m[31m[1m^[22m[39m[31m
[1m^[22m[39m[31m[1m^
[22m[39m[31m[1m^[22m[
39m[31m[1m^[22m[39m[3
1m[1m^[22m[39m[31m[1m
^[22m[39m[31m[1m^[22m
[39m[31m[1m^[22m[39m
[31m[1m^[22m[39m[31m[
1m^[22m[39m[31m[1m^[2
2m[39m
 [90m 14 |[39m 
[36mimport[39m [32m'../
rules/crawl/index.js'[39m
[33m;[39m
 [90m 15 |[39m 
[36mimport[39m [32m'../
rules/url/index.js'[39m[
33m;[39m
 [90m 16 |[39m 
[36mimport[39m [32m'../
rules/mobile/index.js'[39
m[33m;[39m[0m



Import trace:
  App Route:
    ./src/lib/seo-auditor-
core/rules/loader.ts
    ./src/lib/seo-auditor-
core/auditor.ts
    
./src/lib/seo-engine.ts
    ./src/app/api/audits/c
reate/route.ts

https://nextjs.org/docs/me
ssages/module-not-found


./src/lib/seo-auditor-core
/rules/loader.ts:7:1
Module not found: Can't 
resolve 
'../rules/images/index.js'
[0m [90m  5 |[39m 
[36mimport[39m [32m'../
rules/perf/index.js'[39m
[33m;[39m
 [90m  6 |[39m 
[36mimport[39m [32m'../
rules/links/index.js'[39m
[33m;[39m
[31m[1m>[22m[39m[90m 
 7 |[39m 
[36mimport[39m [32m'../
rules/images/index.js'[39
m[33m;[39m
 [90m    |[39m [31m[1m
^[22m[39m[31m[1m^[22m
[39m[31m[1m^[22m[39m
[31m[1m^[22m[39m[31m[
1m^[22m[39m[31m[1m^[2
2m[39m[31m[1m^[22m[39
m[31m[1m^[22m[39m[31m
[1m^[22m[39m[31m[1m^
[22m[39m[31m[1m^[22m[
39m[31m[1m^[22m[39m[3
1m[1m^[22m[39m[31m[1m
^[22m[39m[31m[1m^[22m
[39m[31m[1m^[22m[39m
[31m[1m^[22m[39m[31m[
1m^[22m[39m[31m[1m^[2
2m[39m[31m[1m^[22m[39
m[31m[1m^[22m[39m[31m
[1m^[22m[39m[31m[1m^
[22m[39m[31m[1m^[22m[
39m[31m[1m^[22m[39m[3
1m[1m^[22m[39m[31m[1m
^[22m[39m[31m[1m^[22m
[39m[31m[1m^[22m[39m
[31m[1m^[22m[39m[31m[
1m^[22m[39m[31m[1m^[2
2m[39m[31m[1m^[22m[39
m[31m[1m^[22m[39m
 [90m  8 |[39m 
[36mimport[39m [32m'../
rules/security/index.js'[
39m[33m;[39m
 [90m  9 |[39m 
[36mimport[39m [32m'../
rules/schema/index.js'[39
m[33m;[39m
 [90m 10 |[39m 
[36mimport[39m [32m'../
rules/social/index.js'[39
m[33m;[39m[0m



Import trace:
  App Route:
    ./src/lib/seo-auditor-
core/rules/loader.ts
    ./src/lib/seo-auditor-
core/auditor.ts
    
./src/lib/seo-engine.ts
    ./src/app/api/audits/c
reate/route.ts

https://nextjs.org/docs/me
ssages/module-not-found


./src/lib/seo-auditor-core
/rules/loader.ts:22:1
Module not found: Can't 
resolve 
'../rules/js/index.js'
[0m [90m 20 |[39m 
[36mimport[39m [32m'../
rules/geo/index.js'[39m[
33m;[39m
 [90m 21 |[39m 
[36mimport[39m [32m'../
rules/htmlval/index.js'[3
9m[33m;[39m
[31m[1m>[22m[39m[90m 
22 |[39m 
[36mimport[39m [32m'../
rules/js/index.js'[39m[3
3m;[39m
 [90m    |[39m [31m[1m
^[22m[39m[31m[1m^[22m
[39m[31m[1m^[22m[39m
[31m[1m^[22m[39m[31m[
1m^[22m[39m[31m[1m^[2
2m[39m[31m[1m^[22m[39
m[31m[1m^[22m[39m[31m
[1m^[22m[39m[31m[1m^
[22m[39m[31m[1m^[22m[
39m[31m[1m^[22m[39m[3
1m[1m^[22m[39m[31m[1m
^[22m[39m[31m[1m^[22m
[39m[31m[1m^[22m[39m
[31m[1m^[22m[39m[31m[
1m^[22m[39m[31m[1m^[2
2m[39m[31m[1m^[22m[39
m[31m[1m^[22m[39m[31m
[1m^[22m[39m[31m[1m^
[22m[39m[31m[1m^[22m[
39m[31m[1m^[22m[39m[3
1m[1m^[22m[39m[31m[1m
^[22m[39m[31m[1m^[22m
[39m[31m[1m^[22m[39m
[31m[1m^[22m[39m
 [90m 23 |[39m
 [90m 24 |[39m 
[36mlet[39m rulesLoaded 
[33m=[39m 
[36mfalse[39m[33m;[39m
 [90m 25 |[39m[0m



Import trace:
  App Route:
    ./src/lib/seo-auditor-
core/rules/loader.ts
    ./src/lib/seo-auditor-
core/auditor.ts
    
./src/lib/seo-engine.ts
    ./src/app/api/audits/c
reate/route.ts

https://nextjs.org/docs/me
ssages/module-not-found


./src/lib/seo-auditor-core
/rules/loader.ts:17:1
Module not found: Can't 
resolve 
'../rules/legal/index.js'
[0m [90m 15 |[39m 
[36mimport[39m [32m'../
rules/url/index.js'[39m[
33m;[39m
 [90m 16 |[39m 
[36mimport[39m [32m'../
rules/mobile/index.js'[39
m[33m;[39m
[31m[1m>[22m[39m[90m 
17 |[39m 
[36mimport[39m [32m'../
rules/legal/index.js'[39m
[33m;[39m
 [90m    |[39m [31m[1m
^[22m[39m[31m[1m^[22m
[39m[31m[1m^[22m[39m
[31m[1m^[22m[39m[31m[
1m^[22m[39m[31m[1m^[2
2m[39m[31m[1m^[22m[39
m[31m[1m^[22m[39m[31m
[1m^[22m[39m[31m[1m^
[22m[39m[31m[1m^[22m[
39m[31m[1m^[22m[39m[3
1m[1m^[22m[39m[31m[1m
^[22m[39m[31m[1m^[22m
[39m[31m[1m^[22m[39m
[31m[1m^[22m[39m[31m[
1m^[22m[39m[31m[1m^[2
2m[39m[31m[1m^[22m[39
m[31m[1m^[22m[39m[31m
[1m^[22m[39m[31m[1m^
[22m[39m[31m[1m^[22m[
39m[31m[1m^[22m[39m[3
1m[1m^[22m[39m[31m[1m
^[22m[39m[31m[1m^[22m
[39m[31m[1m^[22m[39m
[31m[1m^[22m[39m[31m[
1m^[22m[39m[31m[1m^[2
2m[39m[31m[1m^[22m[39
m
 [90m 18 |[39m 
[36mimport[39m [32m'../
rules/eeat/index.js'[39m
[33m;[39m
 [90m 19 |[39m 
[36mimport[39m [32m'../
rules/redirect/index.js'[
39m[33m;[39m
 [90m 20 |[39m 
[36mimport[39m [32m'../
rules/geo/index.js'[39m[
33m;[39m[0m



Import trace:
  App Route:
    ./src/lib/seo-auditor-
core/rules/loader.ts
    ./src/lib/seo-auditor-
core/auditor.ts
    
./src/lib/seo-engine.ts
    ./src/app/api/audits/c
reate/route.ts

https://nextjs.org/docs/me
ssages/module-not-found


./src/lib/seo-auditor-core
/rules/loader.ts:6:1
Module not found: Can't 
resolve 
'../rules/links/index.js'
[0m [90m 4 |[39m 
[36mimport[39m [32m'../
rules/technical/index.js'
[39m[33m;[39m
 [90m 5 |[39m 
[36mimport[39m [32m'../
rules/perf/index.js'[39m
[33m;[39m
[31m[1m>[22m[39m[90m 
6 |[39m [36mimport[39m 
[32m'../rules/links/index
.js'[39m[33m;[39m
 [90m   |[39m [31m[1m^
[22m[39m[31m[1m^[22m
[39m[31m[1m^[22m[39m[
31m[1m^[22m[39m[31m[1
m^[22m[39m[31m[1m^[22
m[39m[31m[1m^[22m[39m
[31m[1m^[22m[39m[31m
[1m^[22m[39m[31m[1m^[
22m[39m[31m[1m^[22m[3
9m[31m[1m^[22m[39m[31
m[1m^[22m[39m[31m[1m^
[22m[39m[31m[1m^[22m
[39m[31m[1m^[22m[39m[
31m[1m^[22m[39m[31m[1
m^[22m[39m[31m[1m^[22
m[39m[31m[1m^[22m[39m
[31m[1m^[22m[39m[31m
[1m^[22m[39m[31m[1m^[
22m[39m[31m[1m^[22m[3
9m[31m[1m^[22m[39m[31
m[1m^[22m[39m[31m[1m^
[22m[39m[31m[1m^[22m
[39m[31m[1m^[22m[39m[
31m[1m^[22m[39m[31m[1
m^[22m[39m[31m[1m^[22
m[39m[31m[1m^[22m[39m
 [90m 7 |[39m 
[36mimport[39m [32m'../
rules/images/index.js'[39
m[33m;[39m
 [90m 8 |[39m 
[36mimport[39m [32m'../
rules/security/index.js'[
39m[33m;[39m
 [90m 9 |[39m 
[36mimport[39m [32m'../
rules/schema/index.js'[39
m[33m;[39m[0m



Import trace:
  App Route:
    ./src/lib/seo-auditor-
core/rules/loader.ts
    ./src/lib/seo-auditor-
core/auditor.ts
    
./src/lib/seo-engine.ts
    ./src/app/api/audits/c
reate/route.ts

https://nextjs.org/docs/me
ssages/module-not-found


./src/lib/seo-auditor-core
/rules/loader.ts:16:1
Module not found: Can't 
resolve 
'../rules/mobile/index.js'
[0m [90m 14 |[39m 
[36mimport[39m [32m'../
rules/crawl/index.js'[39m
[33m;[39m
 [90m 15 |[39m 
[36mimport[39m [32m'../
rules/url/index.js'[39m[
33m;[39m
[31m[1m>[22m[39m[90m 
16 |[39m 
[36mimport[39m [32m'../
rules/mobile/index.js'[39
m[33m;[39m
 [90m    |[39m [31m[1m
^[22m[39m[31m[1m^[22m
[39m[31m[1m^[22m[39m
[31m[1m^[22m[39m[31m[
1m^[22m[39m[31m[1m^[2
2m[39m[31m[1m^[22m[39
m[31m[1m^[22m[39m[31m
[1m^[22m[39m[31m[1m^
[22m[39m[31m[1m^[22m[
39m[31m[1m^[22m[39m[3
1m[1m^[22m[39m[31m[1m
^[22m[39m[31m[1m^[22m
[39m[31m[1m^[22m[39m
[31m[1m^[22m[39m[31m[
1m^[22m[39m[31m[1m^[2
2m[39m[31m[1m^[22m[39
m[31m[1m^[22m[39m[31m
[1m^[22m[39m[31m[1m^
[22m[39m[31m[1m^[22m[
39m[31m[1m^[22m[39m[3
1m[1m^[22m[39m[31m[1m
^[22m[39m[31m[1m^[22m
[39m[31m[1m^[22m[39m
[31m[1m^[22m[39m[31m[
1m^[22m[39m[31m[1m^[2
2m[39m[31m[1m^[22m[39
m[31m[1m^[22m[39m
 [90m 17 |[39m 
[36mimport[39m [32m'../
rules/legal/index.js'[39m
[33m;[39m
 [90m 18 |[39m 
[36mimport[39m [32m'../
rules/eeat/index.js'[39m
[33m;[39m
 [90m 19 |[39m 
[36mimport[39m [32m'../
rules/redirect/index.js'[
39m[33m;[39m[0m



Import trace:
  App Route:
    ./src/lib/seo-auditor-
core/rules/loader.ts
    ./src/lib/seo-auditor-
core/auditor.ts
    
./src/lib/seo-engine.ts
    ./src/app/api/audits/c
reate/route.ts

https://nextjs.org/docs/me
ssages/module-not-found


./src/lib/seo-auditor-core
/rules/loader.ts:5:1
Module not found: Can't 
resolve 
'../rules/perf/index.js'
[0m [90m 3 |[39m 
[36mimport[39m [32m'../
rules/core/index.js'[39m
[33m;[39m
 [90m 4 |[39m 
[36mimport[39m [32m'../
rules/technical/index.js'
[39m[33m;[39m
[31m[1m>[22m[39m[90m 
5 |[39m [36mimport[39m 
[32m'../rules/perf/index.
js'[39m[33m;[39m
 [90m   |[39m [31m[1m^
[22m[39m[31m[1m^[22m
[39m[31m[1m^[22m[39m[
31m[1m^[22m[39m[31m[1
m^[22m[39m[31m[1m^[22
m[39m[31m[1m^[22m[39m
[31m[1m^[22m[39m[31m
[1m^[22m[39m[31m[1m^[
22m[39m[31m[1m^[22m[3
9m[31m[1m^[22m[39m[31
m[1m^[22m[39m[31m[1m^
[22m[39m[31m[1m^[22m
[39m[31m[1m^[22m[39m[
31m[1m^[22m[39m[31m[1
m^[22m[39m[31m[1m^[22
m[39m[31m[1m^[22m[39m
[31m[1m^[22m[39m[31m
[1m^[22m[39m[31m[1m^[
22m[39m[31m[1m^[22m[3
9m[31m[1m^[22m[39m[31
m[1m^[22m[39m[31m[1m^
[22m[39m[31m[1m^[22m
[39m[31m[1m^[22m[39m[
31m[1m^[22m[39m[31m[1
m^[22m[39m[31m[1m^[22
m[39m
 [90m 6 |[39m 
[36mimport[39m [32m'../
rules/links/index.js'[39m
[33m;[39m
 [90m 7 |[39m 
[36mimport[39m [32m'../
rules/images/index.js'[39
m[33m;[39m
 [90m 8 |[39m 
[36mimport[39m [32m'../
rules/security/index.js'[
39m[33m;[39m[0m



Import trace:
  App Route:
    ./src/lib/seo-auditor-
core/rules/loader.ts
    ./src/lib/seo-auditor-
core/auditor.ts
    
./src/lib/seo-engine.ts
    ./src/app/api/audits/c
reate/route.ts

https://nextjs.org/docs/me
ssages/module-not-found


./src/lib/seo-auditor-core
/rules/loader.ts:19:1
Module not found: Can't 
resolve '../rules/redirect
/index.js'
[0m [90m 17 |[39m 
[36mimport[39m [32m'../
rules/legal/index.js'[39m
[33m;[39m
 [90m 18 |[39m 
[36mimport[39m [32m'../
rules/eeat/index.js'[39m
[33m;[39m
[31m[1m>[22m[39m[90m 
19 |[39m 
[36mimport[39m [32m'../
rules/redirect/index.js'[
39m[33m;[39m
 [90m    |[39m [31m[1m
^[22m[39m[31m[1m^[22m
[39m[31m[1m^[22m[39m
[31m[1m^[22m[39m[31m[
1m^[22m[39m[31m[1m^[2
2m[39m[31m[1m^[22m[39
m[31m[1m^[22m[39m[31m
[1m^[22m[39m[31m[1m^
[22m[39m[31m[1m^[22m[
39m[31m[1m^[22m[39m[3
1m[1m^[22m[39m[31m[1m
^[22m[39m[31m[1m^[22m
[39m[31m[1m^[22m[39m
[31m[1m^[22m[39m[31m[
1m^[22m[39m[31m[1m^[2
2m[39m[31m[1m^[22m[39
m[31m[1m^[22m[39m[31m
[1m^[22m[39m[31m[1m^
[22m[39m[31m[1m^[22m[
39m[31m[1m^[22m[39m[3
1m[1m^[22m[39m[31m[1m
^[22m[39m[31m[1m^[22m
[39m[31m[1m^[22m[39m
[31m[1m^[22m[39m[31m[
1m^[22m[39m[31m[1m^[2
2m[39m[31m[1m^[22m[39
m[31m[1m^[22m[39m[31m
[1m^[22m[39m[31m[1m^
[22m[39m
 [90m 20 |[39m 
[36mimport[39m [32m'../
rules/geo/index.js'[39m[
33m;[39m
 [90m 21 |[39m 
[36mimport[39m [32m'../
rules/htmlval/index.js'[3
9m[33m;[39m
 [90m 22 |[39m 
[36mimport[39m [32m'../
rules/js/index.js'[39m[3
3m;[39m[0m



Import trace:
  App Route:
    ./src/lib/seo-auditor-
core/rules/loader.ts
    ./src/lib/seo-auditor-
core/auditor.ts
    
./src/lib/seo-engine.ts
    ./src/app/api/audits/c
reate/route.ts

https://nextjs.org/docs/me
ssages/module-not-found


./src/lib/seo-auditor-core
/rules/loader.ts:9:1
Module not found: Can't 
resolve 
'../rules/schema/index.js'
[0m [90m  7 |[39m 
[36mimport[39m [32m'../
rules/images/index.js'[39
m[33m;[39m
 [90m  8 |[39m 
[36mimport[39m [32m'../
rules/security/index.js'[
39m[33m;[39m
[31m[1m>[22m[39m[90m 
 9 |[39m 
[36mimport[39m [32m'../
rules/schema/index.js'[39
m[33m;[39m
 [90m    |[39m [31m[1m
^[22m[39m[31m[1m^[22m
[39m[31m[1m^[22m[39m
[31m[1m^[22m[39m[31m[
1m^[22m[39m[31m[1m^[2
2m[39m[31m[1m^[22m[39
m[31m[1m^[22m[39m[31m
[1m^[22m[39m[31m[1m^
[22m[39m[31m[1m^[22m[
39m[31m[1m^[22m[39m[3
1m[1m^[22m[39m[31m[1m
^[22m[39m[31m[1m^[22m
[39m[31m[1m^[22m[39m
[31m[1m^[22m[39m[31m[
1m^[22m[39m[31m[1m^[2
2m[39m[31m[1m^[22m[39
m[31m[1m^[22m[39m[31m
[1m^[22m[39m[31m[1m^
[22m[39m[31m[1m^[22m[
39m[31m[1m^[22m[39m[3
1m[1m^[22m[39m[31m[1m
^[22m[39m[31m[1m^[22m
[39m[31m[1m^[22m[39m
[31m[1m^[22m[39m[31m[
1m^[22m[39m[31m[1m^[2
2m[39m[31m[1m^[22m[39
m[31m[1m^[22m[39m
 [90m 10 |[39m 
[36mimport[39m [32m'../
rules/social/index.js'[39
m[33m;[39m
 [90m 11 |[39m 
[36mimport[39m [32m'../
rules/content/index.js'[3
9m[33m;[39m
 [90m 12 |[39m 
[36mimport[39m [32m'../
rules/a11y/index.js'[39m
[33m;[39m[0m



Import trace:
  App Route:
    ./src/lib/seo-auditor-
core/rules/loader.ts
    ./src/lib/seo-auditor-
core/auditor.ts
    
./src/lib/seo-engine.ts
    ./src/app/api/audits/c
reate/route.ts

https://nextjs.org/docs/me
ssages/module-not-found


./src/lib/seo-auditor-core
/rules/loader.ts:8:1
Module not found: Can't 
resolve '../rules/security
/index.js'
[0m [90m  6 |[39m 
[36mimport[39m [32m'../
rules/links/index.js'[39m
[33m;[39m
 [90m  7 |[39m 
[36mimport[39m [32m'../
rules/images/index.js'[39
m[33m;[39m
[31m[1m>[22m[39m[90m 
 8 |[39m 
[36mimport[39m [32m'../
rules/security/index.js'[
39m[33m;[39m
 [90m    |[39m [31m[1m
^[22m[39m[31m[1m^[22m
[39m[31m[1m^[22m[39m
[31m[1m^[22m[39m[31m[
1m^[22m[39m[31m[1m^[2
2m[39m[31m[1m^[22m[39
m[31m[1m^[22m[39m[31m
[1m^[22m[39m[31m[1m^
[22m[39m[31m[1m^[22m[
39m[31m[1m^[22m[39m[3
1m[1m^[22m[39m[31m[1m
^[22m[39m[31m[1m^[22m
[39m[31m[1m^[22m[39m
[31m[1m^[22m[39m[31m[
1m^[22m[39m[31m[1m^[2
2m[39m[31m[1m^[22m[39
m[31m[1m^[22m[39m[31m
[1m^[22m[39m[31m[1m^
[22m[39m[31m[1m^[22m[
39m[31m[1m^[22m[39m[3
1m[1m^[22m[39m[31m[1m
^[22m[39m[31m[1m^[22m
[39m[31m[1m^[22m[39m
[31m[1m^[22m[39m[31m[
1m^[22m[39m[31m[1m^[2
2m[39m[31m[1m^[22m[39
m[31m[1m^[22m[39m[31m
[1m^[22m[39m[31m[1m^
[22m[39m
 [90m  9 |[39m 
[36mimport[39m [32m'../
rules/schema/index.js'[39
m[33m;[39m
 [90m 10 |[39m 
[36mimport[39m [32m'../
rules/social/index.js'[39
m[33m;[39m
 [90m 11 |[39m 
[36mimport[39m [32m'../
rules/content/index.js'[3
9m[33m;[39m[0m



Import trace:
  App Route:
    ./src/lib/seo-auditor-
core/rules/loader.ts
    ./src/lib/seo-auditor-
core/auditor.ts
    
./src/lib/seo-engine.ts
    ./src/app/api/audits/c
reate/route.ts

https://nextjs.org/docs/me
ssages/module-not-found


./src/lib/seo-auditor-core
/rules/loader.ts:10:1
Module not found: Can't 
resolve 
'../rules/social/index.js'
[0m [90m  8 |[39m 
[36mimport[39m [32m'../
rules/security/index.js'[
39m[33m;[39m
 [90m  9 |[39m 
[36mimport[39m [32m'../
rules/schema/index.js'[39
m[33m;[39m
[31m[1m>[22m[39m[90m 
10 |[39m 
[36mimport[39m [32m'../
rules/social/index.js'[39
m[33m;[39m
 [90m    |[39m [31m[1m
^[22m[39m[31m[1m^[22m
[39m[31m[1m^[22m[39m
[31m[1m^[22m[39m[31m[
1m^[22m[39m[31m[1m^[2
2m[39m[31m[1m^[22m[39
m[31m[1m^[22m[39m[31m
[1m^[22m[39m[31m[1m^
[22m[39m[31m[1m^[22m[
39m[31m[1m^[22m[39m[3
1m[1m^[22m[39m[31m[1m
^[22m[39m[31m[1m^[22m
[39m[31m[1m^[22m[39m
[31m[1m^[22m[39m[31m[
1m^[22m[39m[31m[1m^[2
2m[39m[31m[1m^[22m[39
m[31m[1m^[22m[39m[31m
[1m^[22m[39m[31m[1m^
[22m[39m[31m[1m^[22m[
39m[31m[1m^[22m[39m[3
1m[1m^[22m[39m[31m[1m
^[22m[39m[31m[1m^[22m
[39m[31m[1m^[22m[39m
[31m[1m^[22m[39m[31m[
1m^[22m[39m[31m[1m^[2
2m[39m[31m[1m^[22m[39
m[31m[1m^[22m[39m
 [90m 11 |[39m 
[36mimport[39m [32m'../
rules/content/index.js'[3
9m[33m;[39m
 [90m 12 |[39m 
[36mimport[39m [32m'../
rules/a11y/index.js'[39m
[33m;[39m
 [90m 13 |[39m 
[36mimport[39m [32m'../
rules/i18n/index.js'[39m
[33m;[39m[0m



Import trace:
  App Route:
    ./src/lib/seo-auditor-
core/rules/loader.ts
    ./src/lib/seo-auditor-
core/auditor.ts
    
./src/lib/seo-engine.ts
    ./src/app/api/audits/c
reate/route.ts

https://nextjs.org/docs/me
ssages/module-not-found


./src/lib/seo-auditor-core
/rules/loader.ts:4:1
Module not found: Can't 
resolve '../rules/technica
l/index.js'
[0m [90m 2 |[39m 
[90m// These modules 
self-register their rules 
when imported[39m
 [90m 3 |[39m 
[36mimport[39m [32m'../
rules/core/index.js'[39m
[33m;[39m
[31m[1m>[22m[39m[90m 
4 |[39m [36mimport[39m 
[32m'../rules/technical/i
ndex.js'[39m[33m;[39m
 [90m   |[39m [31m[1m^
[22m[39m[31m[1m^[22m
[39m[31m[1m^[22m[39m[
31m[1m^[22m[39m[31m[1
m^[22m[39m[31m[1m^[22
m[39m[31m[1m^[22m[39m
[31m[1m^[22m[39m[31m
[1m^[22m[39m[31m[1m^[
22m[39m[31m[1m^[22m[3
9m[31m[1m^[22m[39m[31
m[1m^[22m[39m[31m[1m^
[22m[39m[31m[1m^[22m
[39m[31m[1m^[22m[39m[
31m[1m^[22m[39m[31m[1
m^[22m[39m[31m[1m^[22
m[39m[31m[1m^[22m[39m
[31m[1m^[22m[39m[31m
[1m^[22m[39m[31m[1m^[
22m[39m[31m[1m^[22m[3
9m[31m[1m^[22m[39m[31
m[1m^[22m[39m[31m[1m^
[22m[39m[31m[1m^[22m
[39m[31m[1m^[22m[39m[
31m[1m^[22m[39m[31m[1
m^[22m[39m[31m[1m^[22
m[39m[31m[1m^[22m[39m
[31m[1m^[22m[39m[31m
[1m^[22m[39m[31m[1m^[
22m[39m[31m[1m^[22m[3
9m
 [90m 5 |[39m 
[36mimport[39m [32m'../
rules/perf/index.js'[39m
[33m;[39m
 [90m 6 |[39m 
[36mimport[39m [32m'../
rules/links/index.js'[39m
[33m;[39m
 [90m 7 |[39m 
[36mimport[39m [32m'../
rules/images/index.js'[39
m[33m;[39m[0m



Import trace:
  App Route:
    ./src/lib/seo-auditor-
core/rules/loader.ts
    ./src/lib/seo-auditor-
core/auditor.ts
    
./src/lib/seo-engine.ts
    ./src/app/api/audits/c
reate/route.ts

https://nextjs.org/docs/me
ssages/module-not-found


./src/lib/seo-auditor-core
/rules/loader.ts:15:1
Module not found: Can't 
resolve 
'../rules/url/index.js'
[0m [90m 13 |[39m 
[36mimport[39m [32m'../
rules/i18n/index.js'[39m
[33m;[39m
 [90m 14 |[39m 
[36mimport[39m [32m'../
rules/crawl/index.js'[39m
[33m;[39m
[31m[1m>[22m[39m[90m 
15 |[39m 
[36mimport[39m [32m'../
rules/url/index.js'[39m[
33m;[39m
 [90m    |[39m [31m[1m
^[22m[39m[31m[1m^[22m
[39m[31m[1m^[22m[39m
[31m[1m^[22m[39m[31m[
1m^[22m[39m[31m[1m^[2
2m[39m[31m[1m^[22m[39
m[31m[1m^[22m[39m[31m
[1m^[22m[39m[31m[1m^
[22m[39m[31m[1m^[22m[
39m[31m[1m^[22m[39m[3
1m[1m^[22m[39m[31m[1m
^[22m[39m[31m[1m^[22m
[39m[31m[1m^[22m[39m
[31m[1m^[22m[39m[31m[
1m^[22m[39m[31m[1m^[2
2m[39m[31m[1m^[22m[39
m[31m[1m^[22m[39m[31m
[1m^[22m[39m[31m[1m^
[22m[39m[31m[1m^[22m[
39m[31m[1m^[22m[39m[3
1m[1m^[22m[39m[31m[1m
^[22m[39m[31m[1m^[22m
[39m[31m[1m^[22m[39m
[31m[1m^[22m[39m[31m[
1m^[22m[39m
 [90m 16 |[39m 
[36mimport[39m [32m'../
rules/mobile/index.js'[39
m[33m;[39m
 [90m 17 |[39m 
[36mimport[39m [32m'../
rules/legal/index.js'[39m
[33m;[39m
 [90m 18 |[39m 
[36mimport[39m [32m'../
rules/eeat/index.js'[39m
[33m;[39m[0m



Import trace:
  App Route:
    ./src/lib/seo-auditor-
core/rules/loader.ts
    ./src/lib/seo-auditor-
core/auditor.ts
    
./src/lib/seo-engine.ts
    ./src/app/api/audits/c
reate/route.ts

https://nextjs.org/docs/me
ssages/module-not-found


./src/lib/seo-auditor-core
/crawler/playwright-fetche
r.ts:1:1
Module not found: Can't 
resolve 'playwright'
[0m[31m[1m>[22m[39m[
90m 1 |[39m 
[36mimport[39m { 
chromium[33m,[39m type 
[33mBrowser[39m[33m,[39
m type [33mPage[39m } 
[36mfrom[39m [32m'playw
right'[39m[33m;[39m
 [90m   |[39m [31m[1m^
[22m[39m[31m[1m^[22m
[39m[31m[1m^[22m[39m[
31m[1m^[22m[39m[31m[1
m^[22m[39m[31m[1m^[22
m[39m[31m[1m^[22m[39m
[31m[1m^[22m[39m[31m
[1m^[22m[39m[31m[1m^[
22m[39m[31m[1m^[22m[3
9m[31m[1m^[22m[39m[31
m[1m^[22m[39m[31m[1m^
[22m[39m[31m[1m^[22m
[39m[31m[1m^[22m[39m[
31m[1m^[22m[39m[31m[1
m^[22m[39m[31m[1m^[22
m[39m[31m[1m^[22m[39m
[31m[1m^[22m[39m[31m
[1m^[22m[39m[31m[1m^[
22m[39m[31m[1m^[22m[3
9m[31m[1m^[22m[39m[31
m[1m^[22m[39m[31m[1m^
[22m[39m[31m[1m^[22m
[39m[31m[1m^[22m[39m[
31m[1m^[22m[39m[31m[1
m^[22m[39m[31m[1m^[22
m[39m[31m[1m^[22m[39m
[31m[1m^[22m[39m[31m
[1m^[22m[39m[31m[1m^[
22m[39m[31m[1m^[22m[3
9m[31m[1m^[22m[39m[31
m[1m^[22m[39m[31m[1m^
[22m[39m[31m[1m^[22m
[39m[31m[1m^[22m[39m[
31m[1m^[22m[39m[31m[1
m^[22m[39m[31m[1m^[22
m[39m[31m[1m^[22m[39m
[31m[1m^[22m[39m[31m
[1m^[22m[39m[31m[1m^[
22m[39m[31m[1m^[22m[3
9m[31m[1m^[22m[39m[31
m[1m^[22m[39m[31m[1m^
[22m[39m[31m[1m^[22m
[39m[31m[1m^[22m[39m[
31m[1m^[22m[39m[31m[1
m^[22m[39m[31m[1m^[22
m[39m[31m[1m^[22m[39m
[31m[1m^[22m[39m[31m
[1m^[22m[39m[31m[1m^[
22m[39m[31m[1m^[22m[3
9m
 [90m 2 |[39m 
[36mimport[39m type { 
[33mCoreWebVitals[39m } 
[36mfrom[39m [32m'../ty
pes'[39m[33m;[39m
 [90m 3 |[39m
 [90m 4 |[39m 
[36mlet[39m 
browserPromise[33m:[39m 
[33mPromise[39m[33m<[3
9m[33mBrowser[39m[33m>
[39m [33m|[39m 
[36mnull[39m 
[33m=[39m [36mnull[39m
[33m;[39m[0m



Import trace:
  App Route:
    ./src/lib/seo-auditor-
core/crawler/playwright-fe
tcher.ts
    ./src/lib/seo-auditor-
core/auditor.ts
    
./src/lib/seo-engine.ts
    ./src/app/api/audits/c
reate/route.ts

https://nextjs.org/docs/me
ssages/module-not-found


./src/app/api/audits/creat
e/route.ts:3:1
Export 
calculatePriorityRank 
doesn't exist in target 
module
[0m [90m 1 |[39m 
[36mimport[39m { 
[33mNextResponse[39m } 
[36mfrom[39m [32m"next/
server"[39m[33m;[39m
 [90m 2 |[39m 
[36mimport[39m prisma 
[36mfrom[39m [32m"@/lib
/prisma"[39m[33m;[39m
[31m[1m>[22m[39m[90m 
3 |[39m [36mimport[39m 
{ runLiveSEOAudit[33m,[3
9m calculatePriorityRank 
} [36mfrom[39m [32m"@/l
ib/seo-engine"[39m[33m;
[39m
 [90m   |[39m [31m[1m^
[22m[39m[31m[1m^[22m
[39m[31m[1m^[22m[39m[
31m[1m^[22m[39m[31m[1
m^[22m[39m[31m[1m^[22
m[39m[31m[1m^[22m[39m
[31m[1m^[22m[39m[31m
[1m^[22m[39m[31m[1m^[
22m[39m[31m[1m^[22m[3
9m[31m[1m^[22m[39m[31
m[1m^[22m[39m[31m[1m^
[22m[39m[31m[1m^[22m
[39m[31m[1m^[22m[39m[
31m[1m^[22m[39m[31m[1
m^[22m[39m[31m[1m^[22
m[39m[31m[1m^[22m[39m
[31m[1m^[22m[39m[31m
[1m^[22m[39m[31m[1m^[
22m[39m[31m[1m^[22m[3
9m[31m[1m^[22m[39m[31
m[1m^[22m[39m[31m[1m^
[22m[39m[31m[1m^[22m
[39m[31m[1m^[22m[39m[
31m[1m^[22m[39m[31m[1
m^[22m[39m[31m[1m^[22
m[39m[31m[1m^[22m[39m
[31m[1m^[22m[39m[31m
[1m^[22m[39m[31m[1m^[
22m[39m[31m[1m^[22m[3
9m[31m[1m^[22m[39m[31
m[1m^[22m[39m[31m[1m^
[22m[39m[31m[1m^[22m
[39m[31m[1m^[22m[39m[
31m[1m^[22m[39m[31m[1
m^[22m[39m[31m[1m^[22
m[39m[31m[1m^[22m[39m
[31m[1m^[22m[39m[31m
[1m^[22m[39m[31m[1m^[
22m[39m[31m[1m^[22m[3
9m[31m[1m^[22m[39m[31
m[1m^[22m[39m[31m[1m^
[22m[39m[31m[1m^[22m
[39m[31m[1m^[22m[39m[
31m[1m^[22m[39m[31m[1
m^[22m[39m[31m[1m^[22
m[39m[31m[1m^[22m[39m
[31m[1m^[22m[39m[31m
[1m^[22m[39m[31m[1m^[
22m[39m[31m[1m^[22m[3
9m[31m[1m^[22m[39m[31
m[1m^[22m[39m[31m[1m^
[22m[39m[31m[1m^[22m
[39m[31m[1m^[22m[39m[
31m[1m^[22m[39m[31m[1
m^[22m[39m[31m[1m^[22
m[39m[31m[1m^[22m[39m
[31m[1m^[22m[39m[31m
[1m^[22m[39m
 [90m 4 |[39m
 [90m 5 |[39m 
[36mexport[39m 
[36masync[39m 
[36mfunction[39m [33mPO
ST[39m(req[33m:[39m 
[33mRequest[39m) {
 [90m 6 |[39m     
[36mtry[39m {[0m

The export 
calculatePriorityRank was 
not found in module [proje
ct]/src/lib/seo-engine.ts 
[app-route] (ecmascript).
Did you mean to import 
runLiveSEOAudit?
All exports of the module 
are statically known (It 
doesn't have dynamic 
exports). So it's known 
statically that the 
requested export doesn't 
exist.


    at <unknown> (./src/li
b/seo-auditor-core/rules/l
oader.ts:12:1)
    at <unknown> (https://
nextjs.org/docs/messages/m
odule-not-found)
    at <unknown> (./src/li
b/seo-auditor-core/rules/l
oader.ts:11:1)
    at <unknown> (https://
nextjs.org/docs/messages/m
odule-not-found)
    at <unknown> (./src/li
b/seo-auditor-core/rules/l
oader.ts:3:1)
    at <unknown> (https://
nextjs.org/docs/messages/m
odule-not-found)
    at <unknown> (./src/li
b/seo-auditor-core/rules/l
oader.ts:14:1)
    at <unknown> (https://
nextjs.org/docs/messages/m
odule-not-found)
    at <unknown> (./src/li
b/seo-auditor-core/rules/l
oader.ts:18:1)
    at <unknown> (https://
nextjs.org/docs/messages/m
odule-not-found)
    at <unknown> (./src/li
b/seo-auditor-core/rules/l
oader.ts:20:1)
    at <unknown> (https://
nextjs.org/docs/messages/m
odule-not-found)
    at <unknown> (./src/li
b/seo-auditor-core/rules/l
oader.ts:21:1)
    at <unknown> (https://
nextjs.org/docs/messages/m
odule-not-found)
    at <unknown> (./src/li
b/seo-auditor-core/rules/l
oader.ts:13:1)
    at <unknown> (https://
nextjs.org/docs/messages/m
odule-not-found)
    at <unknown> (./src/li
b/seo-auditor-core/rules/l
oader.ts:7:1)
    at <unknown> (https://
nextjs.org/docs/messages/m
odule-not-found)
    at <unknown> (./src/li
b/seo-auditor-core/rules/l
oader.ts:22:1)
    at <unknown> (https://
nextjs.org/docs/messages/m
odule-not-found)
    at <unknown> (./src/li
b/seo-auditor-core/rules/l
oader.ts:17:1)
    at <unknown> (https://
nextjs.org/docs/messages/m
odule-not-found)
    at <unknown> (./src/li
b/seo-auditor-core/rules/l
oader.ts:6:1)
    at <unknown> (https://
nextjs.org/docs/messages/m
odule-not-found)
    at <unknown> (./src/li
b/seo-auditor-core/rules/l
oader.ts:16:1)
    at <unknown> (https://
nextjs.org/docs/messages/m
odule-not-found)
    at <unknown> (./src/li
b/seo-auditor-core/rules/l
oader.ts:5:1)
    at <unknown> (https://
nextjs.org/docs/messages/m
odule-not-found)
    at <unknown> (./src/li
b/seo-auditor-core/rules/l
oader.ts:19:1)
    at <unknown> (https://
nextjs.org/docs/messages/m
odule-not-found)
    at <unknown> (./src/li
b/seo-auditor-core/rules/l
oader.ts:9:1)
    at <unknown> (https://
nextjs.org/docs/messages/m
odule-not-found)
    at <unknown> (./src/li
b/seo-auditor-core/rules/l
oader.ts:8:1)
    at <unknown> (https://
nextjs.org/docs/messages/m
odule-not-found)
    at <unknown> (./src/li
b/seo-auditor-core/rules/l
oader.ts:10:1)
    at <unknown> (https://
nextjs.org/docs/messages/m
odule-not-found)
    at <unknown> (./src/li
b/seo-auditor-core/rules/l
oader.ts:4:1)
    at <unknown> (https://
nextjs.org/docs/messages/m
odule-not-found)
    at <unknown> (./src/li
b/seo-auditor-core/rules/l
oader.ts:15:1)
    at <unknown> (https://
nextjs.org/docs/messages/m
odule-not-found)
    at <unknown> (./src/li
b/seo-auditor-core/crawler
/playwright-fetcher.ts:1:1
)
    at <unknown> (https://
nextjs.org/docs/messages/m
odule-not-found)
    at <unknown> (./src/ap
p/api/audits/create/route.
ts:3:1)
